[www.trustinitiative.org/index.html]
[backblue.gif]
[fade.gif]
[index.html]
[images.squarespace-cdn.com/content/5b60db67c3c16aa19c8f234f/1533668261297-WEF4JWIG1V7UJZ9CO2TO/TRUST+Logo+3.001ee8a.jpg]
[assets.squarespace.com/@sqs/polyfiller/1.6/legacy.js]
[assets.squarespace.com/universal/scripts-compressed/visitor-site-error-reporter-aa199afcf7c87a38-min.en-US.js]
[use.typekit.net/ik/QP0WbISNCliFFrC8w3SmuejMLqDN1F2tKpy3-qgraevfelJ2fFHN4UJLFRbh52jhWDmKFRgqjRjajDFRwQZyjQIojDycwRwXZy7qMPG0ZAU8Seyyd1bl-W4TSkuGZAiyO1FUiABkZWF3jAF8OcFzdPU8dem3-e]
[assets.squarespace.com/universal/scripts-compressed/extract-css-runtime-70c7e4feeb1558bd-min.en-US.js]
[assets.squarespace.com/@sqs/polyfiller/1.6/modern.js]
[assets.squarespace.com/universal/scripts-compressed/cldr-resource-pack-553be5b17e9a9bde-min.en-US.js]
[assets.squarespace.com/universal/scripts-compressed/extract-css-moment-js-vendor-a5cfdec1ae227f33-min.en-US.js]
[assets.squarespace.com/universal/scripts-compressed/common-vendors-stable-784b947826b4c445-min.en-US.js]
[assets.squarespace.com/universal/scripts-compressed/performance-d6e7c0e0dfd254d2-min.en-US.js]
[definitions.sqspcdn.com/website-component-definition/static-assets/website.components.socialLinks/e4938a8d-3e15-481c-92b1-277d9a21c0ac_569/website.components.socialLinks.styles]
[static1.squarespace.com/static/sitecss/5b60db67c3c16aa19c8f234f/150/55f0aac0e4b0f0a5b7e0b22e/5b7f0a2f0e2e7262c9b8224f/359/sitece97.css]
[images.squarespace-cdn.com/content/v1/5b60db67c3c16aa19c8f234f/1535037550845-854BUG6LCERDKUK7DQRS/fullsizeoutput_7.jpg]
[assets.squarespace.com/universal/scripts-compressed/common-vendors-6de08c3fd3fe285e-min.en-US.js]
[definitions.sqspcdn.com/website-component-definition/static-assets/website.components.horizontalrule/f10135b1-4846-4776-a692-4608e00689e4_158/website.components.horizontalrule.v]
[definitions.sqspcdn.com/website-component-definition/static-assets/website.components.socialLinks/e4938a8d-3e15-481c-92b1-277d9a21c0ac_569/website.components.socialLinks.visitor]
[www.trustinitiative.org/search.html]
[www.trustinitiative.org/projects.html]
[www.trustinitiative.org/team.html]
[www.trustinitiative.org/resources.html]
[assets.squarespace.com/universal/scripts-compressed/common-3c86f6f596d35fbd-min.en-US.js]
[www.trustinitiative.org/contact-us.html]
[www.trustinitiative.org/home-impact.19.delayed]
[www.trustinitiative.org/mission-index-impact.1a.delayed]
[www.trustinitiative.org/partners-impact.1b.delayed]
[www.trustinitiative.org/impact-impact.1c.delayed]
[www.trustinitiative.org/programs-impact.1d.delayed]
[www.trustinitiative.org/press-impact.1e.delayed]
[www.trustinitiative.org/blog-impact.1f.delayed]
[www.trustinitiative.org/volunteer-index-impact.20.delayed]
[www.trustinitiative.org/contact-impact.21.delayed]
[www.trustinitiative.org/donate-index-impact.22.delayed]
[www.trustinitiative.org/index.html]
[definitions.sqspcdn.com/website-component-definition/static-assets/website.components.socialLinks/e4938a8d-3e15-481c-92b1-277d9a21c0ac_569/website.components.socialLinks.styles]
[definitions.sqspcdn.com/website-component-definition/static-assets/website.components.horizontalrule/f10135b1-4846-4776-a692-4608e00689e4_158/website.components.horizontalrule.s]
[assets.squarespace.com/universal/images-v6/damask/error-dark.png]
[assets.squarespace.com/universal/images-v6/damask/error-dark@2x.png]
[assets.squarespace.com/universal/images-v6/damask/play-button.png]
[assets.squarespace.com/universal/images-v6/damask/play-button@2x.png]
[assets.squarespace.com/universal/images-v6/damask/edit-aviary-light.png]
[assets.squarespace.com/universal/images-v6/damask/edit-aviary-light@2x.png]
[assets.squarespace.com/universal/images-v6/damask/edit-info-light.png]
[assets.squarespace.com/universal/images-v6/damask/edit-info-light@2x.png]
[assets.squarespace.com/universal/images-v6/damask/trash-9-light.png]
[assets.squarespace.com/universal/images-v6/damask/trash-9-light@2x.png]
[static1.squarespace.com/static/ta/55f0a9b0e4b0f3eb70352f6d/359/scripts/site-bundle.js]
[assets.squarespace.com/universal/images-v6/damask/trash-9-red.png]
[assets.squarespace.com/universal/images-v6/damask/trash-9-red@2x.png]
[assets.squarespace.com/universal/images-v6/damask/getty-16-light.png]
[assets.squarespace.com/universal/images-v6/damask/getty-32-light.png]
[assets.squarespace.com/universal/images-v6/damask/shopping-cart-16-light.png]
[assets.squarespace.com/universal/images-v6/damask/shopping-cart-32-light.png]
[assets.squarespace.com/universal/images-v6/icons/block-indicator-dark.png]
[assets.squarespace.com/universal/images-v6/icons/block-indicator-dark@2x.png]
[assets.squarespace.com/universal/images-v6/icons/opentable-icons.png]
[assets.squarespace.com/universal/images-v6/icons/icon-searchqueries-20-dark.png]
[assets.squarespace.com/universal/images-v6/icons/icon-searchqueries-20-light.png]
[assets.squarespace.com/universal/images-v6/icons/icon-video-24-light-solid.png]
[assets.squarespace.com/universal/images-v6/damask/image-inside-64-dark.png]
[assets.squarespace.com/universal/images-v6/damask/image-inside-128-dark.png]
[assets.squarespace.com/universal/images-v6/standard/icon_close_7_light.png]
[assets.squarespace.com/universal/images-v6/icons/icon-settings-16-light.png]
[static1.squarespace.com/static/sitecss/5b60db67c3c16aa19c8f234f/150/55f0aac0e4b0f0a5b7e0b22e/5b7f0a2f0e2e7262c9b8224f/359/sitece97.css]
[www.trustinitiative.org/assets/ui-icons.svg]
[images.squarespace-cdn.com/content/v1/5b60db67c3c16aa19c8f234f/1535037550845-854BUG6LCERDKUK7DQRS/fullsizeoutput_726f7.jpg]
[www.trustinitiative.org/search.html]
[assets.squarespace.com/universal/scripts-compressed/extract-css-runtime-0e0bba9fd998de31-min.en-US.js]
[www.trustinitiative.org/projects.html]
[images.squarespace-cdn.com/content/v1/5b60db67c3c16aa19c8f234f/1535056297474-LHNNRTYHW22H326RICOV/fullsizeoutput_f.jpg]
[assets.squarespace.com/universal/scripts-compressed/performance-6c118192c9d83ed7-min.en-US.js]
[images.squarespace-cdn.com/content/v1/5b60db67c3c16aa19c8f234f/1535056258495-IVOQO6HKXECEV6B2V049/fullsizeoutput_b.jpg]
[images.squarespace-cdn.com/content/v1/5b60db67c3c16aa19c8f234f/1535056154255-R7CQ6C55KCCUWUIIW2EJ/0.jpg]
[images.squarespace-cdn.com/content/v1/5b60db67c3c16aa19c8f234f/1535056234195-MWZ1G4X3TFEPPC9XHZB0/fullsizeoutput_d.jpg]
[images.squarespace-cdn.com/content/v1/5b60db67c3c16aa19c8f234f/d1b932bc-042a-4611-957d-a2bc8dca3e5f/sina1.jpg]
[images.squarespace-cdn.com/content/v1/5b60db67c3c16aa19c8f234f/8b81b18c-92e7-4d38-8c17-5c1a01d8c741/k_naaman.jpg]
[www.trustinitiative.org/team.html]
[definitions.sqspcdn.com/website-component-definition/static-assets/website.components.embed/5b959c48-30bf-4f0c-8052-71e88fe86497_536/website.components.embed.styles.css]
[assets.squarespace.com/universal/scripts-compressed/common-848960f97137d696-min.en-US.js]
[www.trustinitiative.org/resources.html]
[definitions.sqspcdn.com/website-component-definition/static-assets/website.components.embed/5b959c48-30bf-4f0c-8052-71e88fe86497_536/website.components.embed.visitor.js]
[assets.squarespace.com/universal/scripts-compressed/extract-css-runtime-5534b29193cfa85e-min.en-US.js]
[www.trustinitiative.org/contact-us.html]
[assets.squarespace.com/universal/scripts-compressed/performance-ea5540135d23d50d-min.en-US.js]
[www.trustinitiative.org/home-impact.html]
[www.trustinitiative.org/mission-index-impact.html]
[www.trustinitiative.org/partners-impact.html]
[www.trustinitiative.org/impact-impact.html]
[www.trustinitiative.org/programs-impact.html]
[www.trustinitiative.org/press-impact.html]
[www.trustinitiative.org/blog-impact.html]
[www.trustinitiative.org/volunteer-index-impact.html]
[www.trustinitiative.org/contact-impact.html]
[www.trustinitiative.org/donate-index-impact.html]
[definitions.sqspcdn.com/website-component-definition/static-assets/website.components.spacer/422bdc65-cd9d-4c19-80e3-b7e0e8c7c13d_1114/website.components.spacer.styles.49.delaye]
[definitions.sqspcdn.com/website-component-definition/static-assets/website.components.spacer/422bdc65-cd9d-4c19-80e3-b7e0e8c7c13d_1114/website.components.spacer.visitor.4a.delay]
[definitions.sqspcdn.com/website-component-definition/static-assets/website.components.embed/5b959c48-30bf-4f0c-8052-71e88fe86497_536/website.components.embed.styles.css]
[assets.squarespace.com/universal/scripts-compressed/common-98a1c4976ba2c406-min.en-US.js]
